---
source: scooter/src/ui/view.rs
expression: snapshot
---
             ┌─────────────────────────Key mapping deprecated──────────────────────────┐
             │ Pressing escape to quit is no longer enabled by default: use `ctrl + c` │
             │ instead.                                                                │
             │                                                                         │
             │ You can remap this in your scooter config.                              │
             └─────────────────────────────────────────────────────────────────────────┘
