---
source: scooter/src/ui/view.rs
expression: snapshot
---
             ┌──────────────────────────────────Info───────────────────────────────────┐
             │ Short message                                                           │
             └─────────────────────────────────────────────────────────────────────────┘
