---
source: scooter/tests/app_runner.rs
expression: snapshot
---
                                               Scooter                                              
    ┌Search text─────────────────────────────────────────────────────────────────────────────┐     
    │                                                                                        │     
    └────────────────────────────────────────────────────────────────────────────────────────┘     
    ┌Replace text────────────────────────────────────────────────────────────────────────────┐     
    │                                                                                        │     
    └────────────────────────────────────────────────────────────────────────────────────────┘     
    ┌───┐                                                                                          
    │   │ Fixed strings                                                                            
    └───┘                                                                                          
    ┌───┐                                                                                          
    │   │ Match whole word                                                                         
    └───┘                                                                                          
    ┌───┐                                                                                          
    │ X │ Match case                                                                               
    └───┘                                                                                          
    ┌Files to include────────────────────────────────────────────────────────────────────────┐     
    │                                                                                        │     
    └────────────────────────────────────────────────────────────────────────────────────────┘     
    ┌Files to exclude────────────────────────────────────────────────────────────────────────┐     
    │                                                                                        │     
    └────────────────────────────────────────────────────────────────────────────────────────┘     
                                                                                                   
                                                                                                   
                                                                                                   
                                                                                                   
                                                                                                   
                                                                                                   
                                                                                                   
        <enter> jump to results / <tab> focus next / <C-r> reset / <C-h> help / <esc> quit
