---
source: scooter/tests/app.rs
assertion_line: 1622
expression: app.keymaps_compact()
---
[
    (
        "<enter>",
        "search",
    ),
    (
        "<tab>",
        "focus next",
    ),
    (
        "<C-r>",
        "reset",
    ),
    (
        "<C-h>",
        "help",
    ),
    (
        "<esc>",
        "close popup",
    ),
]
