---
source: scooter/tests/app_runner.rs
expression: snapshot
---
                                     Scooter                                    
   ┌Search text (Error: Couldn't parse regex)─────────────────────────────┐    
   │(                                                                     │    
   └──────────────────────────────────────────────────────────────────────┘    
   ┌Replace text──────────────────────────────────────────────────────────┐    
   │                                                                      │    
   └─────┌──────────────────────────Errors──────────────────────────┐─────┘    
   ┌───┐ │ Search text                                              │          
   │   │ │ regex parse error:                                       │          
   └───┘ │     (                                                    │          
   ┌───┐ │     ^                                                    │          
   │   │ │ error: unclosed group                                    │          
   └───┘ │                                                          │          
   ┌───┐ │ Files to include                                         │          
   │ X │ │ error parsing glob '{': unclosed alternate group; missin │          
   └───┘ │                                                          │          
   ┌Files│ Files to exclude                                         │─────┐    
   │*, { │ error parsing glob '!{{': nested alternate groups are no │     │    
   └─────└──────────────────────────────────────────────────────────┘─────┘    
   ┌Files to exclude (Error: Couldn't parse glob pattern)─────────────────┐    
   │{{                                                                    │    
   └──────────────────────────────────────────────────────────────────────┘    
                                                                               
enter> jump to results / <tab> focus next / <C-r> reset / <C-h> help / <esc> cl
