---
source: scooter/tests/app_runner.rs
expression: snapshot
---
                                               scooter                                              
    ┌Search text─────────────────────────────────────────────────────────────────────────────┐     
    │                                                                                        │     
    └────────────────────────────────────────────────────────────────────────────────────────┘     
    ┌Replace text────────────────────────────────────────────────────────────────────────────┐     
    │                                                                                        │     
    └────────────────────────────────────────────────────────────────────────────────────────┘     
    ┌───┐                                                                                          
    │   │ Fixed strings                                                                            
    └──┌───────────────────────────────────────Help────────────────────────────────────────┐       
    ┌──│  <enter>  jump to results                                                         │       
    │  │    <tab>  focus next                                                              │       
    └──│  <S-tab>  focus previous                                                          │       
    ┌──│  <space>  toggle checkbox                                                         │       
    │ X│    <A-u>  unlock pre-populated fields                                             │       
    └──│    <C-l>  toggle text wrapping in preview                                         │       
    ┌Fi│    <C-r>  reset                                                                   │─┐     
    │  │     <F1>  help                                                                    │ │     
    └──│    <esc>  close popup                                                             │─┘     
    ┌Fi│    <C-c>  quit                                                                    │─┐     
    │  └───────────────────────────────────────────────────────────────────────────────────┘ │     
    └────────────────────────────────────────────────────────────────────────────────────────┘     
                                                                                                   
                                                                                                   
                                                                                                   
                                                                                                   
                                                                                                   
                                                                                                   
                                                                                                   
         <enter> jump to results / <tab> focus next / <C-r> reset / <F1> help / <C-c> quit
