---
source: scooter/tests/app_runner.rs
expression: snapshot
---
                                               scooter                                              
    ┌Search text (Error: Couldn't parse regex)───────────────────────────────────────────────┐     
    │(                                                                                       │     
    └────────────────────────────────────────────────────────────────────────────────────────┘     
    ┌Replace text────────────────────────────────────────────────────────────────────────────┐     
    │                                                                                        │     
    └────────────────────────────────────────────────────────────────────────────────────────┘     
    ┌───┐                                                                                          
    │  ┌──────────────────────────────────────Errors───────────────────────────────────────┐       
    └──│ Search text                                                                       │       
    ┌──│ regex parse error:                                                                │       
    │  │     (                                                                             │       
    └──│     ^                                                                             │       
    ┌──│ error: unclosed group                                                             │       
    │ X│                                                                                   │       
    └──│ Files to include                                                                  │       
    ┌Fi│ error parsing glob '{': unclosed alternate group; missing '}' (maybe escape '{'   │─┐     
    │*,│ with '[{]'?)                                                                      │ │     
    └──│                                                                                   │─┘     
    ┌Fi│ Files to exclude                                                                  │─┐     
    │{{│ error parsing glob '!{{': unclosed alternate group; missing '}' (maybe escape '{' │ │     
    └──│ with '[{]'?)                                                                      │─┘     
       └───────────────────────────────────────────────────────────────────────────────────┘       
                                                                                                   
                                                                                                   
                                                                                                   
                                                                                                   
                                                                                                   
                                                                                                   
         <ret> jump to results / <tab> focus next / <C-r> reset / <C-h> help / <C-c> quit
