---
source: scooter/tests/app_runner.rs
expression: snapshot.as_ref()
---
                                                                                scooter                                                                               
       ┌Search text─────────────────────────────────────────────────────────────────────────────────────────────────────────────────────────────────────────┐        
       │foo                                                                                                                                                 │        
       └────────────────────────────────────────────────────────────────────────────────────────────────────────────────────────────────────────────────────┘        
       ┌Replace text────────────────────────────────────────────────────────────────────────────────────────────────────────────────────────────────────────┐        
       │REPLACED                                                                                                                                            │        
       └────────────────────────────────────────────────────────────────────────────────────────────────────────────────────────────────────────────────────┘        
                                                                                                                                                                     
       Results: 1 [Search complete]                                                                                                     [Time taken: TIME]         
                                                                                                                                                                     
       [x] file1.txt:2                                          (1)   hello world                                                                                    
                                                                    - foo bar baz                                                                                    
                                                                    + REPLACED bar baz                                                                               
                                                                      test line                                                                                      
                                                                                                                                                                     
                                                                                                                                                                     
                                                                                                                                                                     
                                                                                                                                                                     
                                                                                                                                                                     
                                                                                                                                                                     
                                                                                                                                                                     
                                                                                                                                                                     
                                                                                                                                                                     
                                                                                                                                                                     
                                                                                                                                                                     
                                                                                                                                                                     
                                                                                                                                                                     
                                                                                                                                                                     
                                                                                                                                                                     
                                                                                                                                                                     
                                                                                                                                                                     
                                                                                                                                                                     
                                                                                                                                                                     
                                                                                                                                                                     
                                                                                                                                                                     
                                                                                                                                                                     
                                                                                                                                                                     
                                                                                                                                                                     
                                                                                                                                                                     
                                                                                                                                                                     
                                                                                                                                                                     
                                                                                                                                                                     
                                                                                                                                                                     
                                                                                                                                                                     
                                                                                                                                                                     
                                                                                                                                                                     
                                                                                                                                                                     
                                                                                                                                                                     
                                                                                                                                                                     
                                  <space> toggle / <esc> back to search fields / <enter> replace selected / <C-h> help / <C-c> quit
