---
source: scooter/tests/app_runner.rs
expression: snapshot.as_ref()
---
                                                                                scooter                                                                               
       ┌Search text─────────────────────────────────────────────────────────────────────────────────────────────────────────────────────────────────────────┐        
       │start match\nmiddle line\nend match                                                                                                                 │        
       └────────────────────────────────────────────────────────────────────────────────────────────────────────────────────────────────────────────────────┘        
       ┌Replace text────────────────────────────────────────────────────────────────────────────────────────────────────────────────────────────────────────┐        
       │SINGLE LINE                                                                                                                                         │        
       └────────────────────────────────────────────────────────────────────────────────────────────────────────────────────────────────────────────────────┘        
                                                                                                                                                                     
       Results: 1 [Search complete]                                                                                                     [Time taken: TIME]         
                                                                                                                                                                     
       [x] file1.txt:2                                          (1)   line 1                                                                                         
                                                                    - start match                                                                                    
                                                                    - middle line                                                                                    
                                                                    - end match                                                                                      
                                                                    + SINGLE LINE                                                                                    
                                                                      line 5                                                                                         
                                                                                                                                                                     
                                                                                                                                                                     
                                                                                                                                                                     
                                                                                                                                                                     
                                                                                                                                                                     
                                                                                                                                                                     
                                                                                                                                                                     
                                                                                                                                                                     
                                                                                                                                                                     
                                                                                                                                                                     
                                                                                                                                                                     
                                                                                                                                                                     
                                                                                                                                                                     
                                                                                                                                                                     
                                                                                                                                                                     
                                                                                                                                                                     
                                                                                                                                                                     
                                                                                                                                                                     
                                                                                                                                                                     
                                                                                                                                                                     
                                                                                                                                                                     
                                                                                                                                                                     
                                                                                                                                                                     
                                                                                                                                                                     
                                                                                                                                                                     
                                                                                                                                                                     
                                                                                                                                                                     
                                                                                                                                                                     
                                                                                                                                                                     
                                                                                                                                                                     
                                                                                                                                                                     
                                                                                                                                                                     
                                                                                                                                                                     
                                  <space> toggle / <esc> back to search fields / <enter> replace selected / <C-h> help / <C-c> quit
