---
source: scooter/tests/app_runner.rs
expression: snapshot
---
                                               Scooter                                              
    ┌Search text─────────────────────────────────────────────────────────────────────────────┐     
    │                                                                                        │     
    └────────────────────────────────────────────────────────────────────────────────────────┘     
    ┌Replace text────────────────────────────────────────────────────────────────────────────┐     
    │                                                                                        │     
    └────────────────────────────────────────────────────────────────────────────────────────┘     
    ┌───┐                                                                                          
    │   │ Fixed strings                                                                            
    └───┘                                                                                          
    ┌───┐   ┌──────────────────────────────────Help───────────────────────────────────┐            
    │   │ Ma│  <enter>  jump to results                                               │            
    └───┘   │    <tab>  focus next                                                    │            
    ┌───┐   │  <S-tab>  focus previous                                                │            
    │ X │ Ma│  <space>  toggle checkbox                                               │            
    └───┘   │    <A-u>  unlock pre-populated fields                                   │            
    ┌Files t│    <C-r>  reset                                                         │──────┐     
    │       │    <C-h>  help                                                          │      │     
    └───────│    <esc>  quit / close popup                                            │──────┘     
    ┌Files t│    <C-c>  quit                                                          │──────┐     
    │       └─────────────────────────────────────────────────────────────────────────┘      │     
    └────────────────────────────────────────────────────────────────────────────────────────┘     
                                                                                                   
                                                                                                   
                                                                                                   
                                                                                                   
                                                                                                   
                                                                                                   
                                                                                                   
     <enter> jump to results / <tab> focus next / <C-r> reset / <C-h> help / <esc> close popup
