---
source: scooter/tests/app_runner.rs
expression: snapshot
---
                                     Scooter                                    
   ┌Search text───────────────────────────────────────────────────────────┐    
   │                                                                      │    
   └──────────────────────────────────────────────────────────────────────┘    
   ┌Replace text──────────────────────────────────────────────────────────┐    
   │                                                                      │    
   └──────────────────────────────────────────────────────────────────────┘    
   ┌───┐ ┌───────────────────────────Help───────────────────────────┐          
   │   │ │  <enter>  jump to results                                │          
   └───┘ │    <tab>  focus next                                     │          
   ┌───┐ │  <S-tab>  focus previous                                 │          
   │   │ │  <space>  toggle checkbox                                │          
   └───┘ │    <A-u>  unlock pre-populated fields                    │          
   ┌───┐ │    <C-r>  reset                                          │          
   │ X │ │    <C-h>  help                                           │          
   └───┘ │    <esc>  quit / close popup                             │          
   ┌Files│    <C-c>  quit                                           │─────┐    
   │     └──────────────────────────────────────────────────────────┘     │    
   └──────────────────────────────────────────────────────────────────────┘    
   ┌Files to exclude──────────────────────────────────────────────────────┐    
   │                                                                      │    
   └──────────────────────────────────────────────────────────────────────┘    
                                                                               
enter> jump to results / <tab> focus next / <C-r> reset / <C-h> help / <esc> cl
