---
source: scooter/tests/app_runner.rs
expression: snapshot
---
                                     Scooter                                    
                                                                               
       ┌Search text───────────────────────────────────────────────────┐        
       │                                                              │        
       └──────────────────────────────────────────────────────────────┘        
       ┌Replace text──────────────────────────────────────────────────┐        
       │                                                              │        
       └─┌───────────────────────────Help───────────────────────────┐─┘        
       ┌─│  <enter>  search                                         │          
       │ │    <tab>  focus next                                     │          
       └─│  <S-tab>  focus previous                                 │          
       ┌─│  <space>  toggle checkbox                                │          
       │ │    <C-r>  reset                                          │          
       └─│    <C-h>  help                                           │          
       ┌─│    <esc>  quit / close popup                             │          
       │ │    <C-c>  quit                                           │          
       └─└──────────────────────────────────────────────────────────┘          
       ┌Files to include──────────────────────────────────────────────┐        
       │                                                              │        
       └──────────────────────────────────────────────────────────────┘        
       ┌Files to exclude──────────────────────────────────────────────┐        
       │                                                              │        
       └──────────────────────────────────────────────────────────────┘        
enter> search / <tab> focus next / <C-r> reset / <C-h> help / <esc> close popup
