---
source: scooter/tests/app.rs
expression: app.keymaps_all()
---
[
    (
        "<space>",
        "toggle",
    ),
    (
        "a",
        "toggle all",
    ),
    (
        "v",
        "toggle multi-select mode",
    ),
    (
        "<A-;>",
        "flip multi-select direction",
    ),
    (
        "e",
        "open in editor",
    ),
    (
        "<C-o>",
        "back to search fields",
    ),
    (
        "j",
        "up",
    ),
    (
        "k",
        "down",
    ),
    (
        "<C-u>",
        "up half a page",
    ),
    (
        "<C-d>",
        "down half a page",
    ),
    (
        "<C-b>",
        "up a full page",
    ),
    (
        "<C-f>",
        "down a full page",
    ),
    (
        "g",
        "jump to top",
    ),
    (
        "G",
        "jump to bottom",
    ),
    (
        "<enter>",
        "replace selected",
    ),
    (
        "<C-r>",
        "reset",
    ),
    (
        "<C-h>",
        "help",
    ),
    (
        "<esc>",
        "quit / close popup / exit multi-select",
    ),
    (
        "<C-c>",
        "quit",
    ),
]
